<area shape="rect" href="$classphoenix_1_1PhSceneNode.htm" title="Scenenode Prototype." alt="" coords="1804,5,1975,32">
<area shape="rect" href="$classphoenix_1_1PhTexture.htm" title="Texture class." alt="" coords="869,80,1013,107">
<area shape="rect" title="image" alt="" coords="1009,80,1017,88">
<area shape="rect" title="image" alt="" coords="2153,187,2161,195">
<area shape="rect" href="$classphoenix_1_1PhRenderSystem.htm" title="The render system." alt="" coords="1139,241,1333,268">
<area shape="rect" title="font" alt="" coords="1009,103,1017,111">
<area shape="rect" title="font" alt="" coords="1220,237,1228,245">
<area shape="rect" href="$classphoenix_1_1PhTextureManager.htm" title="Texture manager." alt="" coords="532,157,732,184">
<area shape="rect" title="txtmgr" alt="" coords="681,153,689,161">
<area shape="rect" title="txtmgr" alt="" coords="879,104,887,112">
<area shape="rect" title="textures" alt="" coords="729,181,737,189">
<area shape="rect" title="textures" alt="" coords="1135,237,1143,245">
<area shape="rect" title="STL class." alt="" coords="589,80,675,107">
<area shape="rect" title="name" alt="" coords="671,89,679,97">
<area shape="rect" title="name" alt="" coords="865,89,873,97">
<area shape="rect" title="STL class." alt="" coords="7,80,191,107">
<area shape="rect" title="\&lt; char \&gt;" alt="" coords="188,89,196,97">
<area shape="rect" title="\&lt; char \&gt;" alt="" coords="295,89,303,97">
<area shape="rect" href="$classphoenix_1_1PhVector2d.htm" title="2D Vector class" alt="" coords="555,389,709,416">
<area shape="rect" title="pos" alt="" coords="664,413,672,421">
<area shape="rect" title="pos" alt="" coords="2163,215,2171,223">
<area shape="rect" href="$classphoenix_1_1PhView.htm" title="View class." alt="" coords="1492,241,1620,268">
<area shape="rect" title="pos" alt="" coords="705,404,713,412">
<area shape="rect" title="pos" alt="" coords="1513,265,1521,273">
<area shape="rect" title="screensize" alt="" coords="651,385,659,393">
<area shape="rect" title="screensize" alt="" coords="1135,253,1143,261">
<area shape="rect" href="$classphoenix_1_1PhEventHandler.htm" title="Event handler." alt="" coords="848,363,1035,389">
<area shape="rect" title="mousepos" alt="" coords="705,392,713,400">
<area shape="rect" title="mousepos" alt="" coords="844,380,852,388">
<area shape="rect" href="$classphoenix_1_1PhSceneManager.htm" title="Scene Manger Class." alt="" coords="1792,191,1987,217">
<area shape="rect" title="smgr" alt="" coords="1983,200,1991,208">
<area shape="rect" title="smgr" alt="" coords="2067,200,2075,208">
<area shape="rect" href="$classphoenix_1_1PhPolygonCollisionHandler.htm" title="The polygon collision handler." alt="" coords="1431,191,1681,217">
<area shape="rect" title="colhandle" alt="" coords="1679,200,1687,208">
<area shape="rect" title="colhandle" alt="" coords="1788,200,1796,208">
<area shape="rect" title="defview" alt="" coords="1616,243,1624,251">
<area shape="rect" title="defview" alt="" coords="1808,215,1816,223">
<area shape="rect" title="system" alt="" coords="1329,265,1337,273">
<area shape="rect" title="system" alt="" coords="2097,215,2105,223">
<area shape="rect" title="system" alt="" coords="1257,237,1265,245">
<area shape="rect" title="system" alt="" coords="1823,187,1831,195">
<area shape="rect" title="system" alt="" coords="1329,251,1337,259">
<area shape="rect" title="system" alt="" coords="1488,251,1496,259">
<area shape="rect" href="$classphoenix_1_1PhTimer.htm" title="Timer class." alt="" coords="875,131,1008,157">
<area shape="rect" title="fpstimer" alt="" coords="1004,151,1012,159">
<area shape="rect" title="fpstimer" alt="" coords="1213,237,1221,245">
<area shape="rect" href="$classphoenix_1_1PhLogManager.htm" title="Log manager." alt="" coords="852,312,1031,339">
<area shape="rect" title="logs" alt="" coords="1027,312,1035,320">
<area shape="rect" title="logs" alt="" coords="1199,265,1207,273">
<area shape="rect" title="events" alt="" coords="1011,359,1019,367">
<area shape="rect" title="events" alt="" coords="1213,265,1221,273">
