<area shape="rect" href="$classphoenix_1_1PhPolygonCollisionHandler.htm" title="The polygon collision handler." alt="" coords="1431,27,1681,53">
<area shape="rect" title="colhandle" alt="" coords="1664,51,1672,59">
<area shape="rect" title="colhandle" alt="" coords="1809,73,1817,81">
<area shape="rect" href="$classphoenix_1_1PhView.htm" title="View class." alt="" coords="1492,77,1620,104">
<area shape="rect" title="defview" alt="" coords="1616,87,1624,95">
<area shape="rect" title="defview" alt="" coords="1788,87,1796,95">
<area shape="rect" href="$classphoenix_1_1PhVector2d.htm" title="2D Vector class" alt="" coords="555,16,709,43">
<area shape="rect" title="pos" alt="" coords="705,19,713,27">
<area shape="rect" title="pos" alt="" coords="1488,75,1496,83">
<area shape="rect" href="$classphoenix_1_1PhRenderSystem.htm" title="The render system." alt="" coords="1139,132,1333,159">
<area shape="rect" title="screensize" alt="" coords="705,27,713,35">
<area shape="rect" title="screensize" alt="" coords="1204,128,1212,136">
<area shape="rect" href="$classphoenix_1_1PhEventHandler.htm" title="Event handler." alt="" coords="848,77,1035,104">
<area shape="rect" title="mousepos" alt="" coords="672,40,680,48">
<area shape="rect" title="mousepos" alt="" coords="844,76,852,84">
<area shape="rect" title="system" alt="" coords="1329,144,1337,152">
<area shape="rect" title="system" alt="" coords="1828,101,1836,109">
<area shape="rect" title="system" alt="" coords="1311,128,1319,136">
<area shape="rect" title="system" alt="" coords="1488,97,1496,105">
<area shape="rect" href="$classphoenix_1_1PhTexture.htm" title="Texture class." alt="" coords="869,193,1013,220">
<area shape="rect" title="font" alt="" coords="1009,195,1017,203">
<area shape="rect" title="font" alt="" coords="1188,156,1196,164">
<area shape="rect" href="$classphoenix_1_1PhTextureManager.htm" title="Texture manager." alt="" coords="532,149,732,176">
<area shape="rect" title="textures" alt="" coords="729,156,737,164">
<area shape="rect" title="textures" alt="" coords="1135,144,1143,152">
<area shape="rect" title="txtmgr" alt="" coords="723,173,731,181">
<area shape="rect" title="txtmgr" alt="" coords="865,193,873,201">
<area shape="rect" title="STL class." alt="" coords="589,217,675,244">
<area shape="rect" title="name" alt="" coords="671,229,679,237">
<area shape="rect" title="name" alt="" coords="876,217,884,225">
<area shape="rect" title="STL class." alt="" coords="7,217,191,244">
<area shape="rect" title="\&lt; char \&gt;" alt="" coords="188,227,196,235">
<area shape="rect" title="\&lt; char \&gt;" alt="" coords="295,227,303,235">
<area shape="rect" href="$classphoenix_1_1PhTimer.htm" title="Timer class." alt="" coords="875,244,1008,271">
<area shape="rect" title="fpstimer" alt="" coords="1004,244,1012,252">
<area shape="rect" title="fpstimer" alt="" coords="1212,156,1220,164">
<area shape="rect" href="$classphoenix_1_1PhLogManager.htm" title="Log manager." alt="" coords="852,295,1031,321">
<area shape="rect" title="logs" alt="" coords="1016,291,1024,299">
<area shape="rect" title="logs" alt="" coords="1221,156,1229,164">
<area shape="rect" title="events" alt="" coords="1017,101,1025,109">
<area shape="rect" title="events" alt="" coords="1160,128,1168,136">
