<area shape="rect" href="$classphoenix_1_1PhTexture.htm" title="Texture class." alt="" coords="869,67,1013,93">
<area shape="rect" title="font" alt="" coords="1009,88,1017,96">
<area shape="rect" title="font" alt="" coords="1199,143,1207,151">
<area shape="rect" href="$classphoenix_1_1PhTextureManager.htm" title="Texture manager." alt="" coords="532,9,732,36">
<area shape="rect" title="textures" alt="" coords="729,12,737,20">
<area shape="rect" title="textures" alt="" coords="1215,143,1223,151">
<area shape="rect" title="txtmgr" alt="" coords="707,33,715,41">
<area shape="rect" title="txtmgr" alt="" coords="865,63,873,71">
<area shape="rect" title="STL class." alt="" coords="589,77,675,104">
<area shape="rect" title="name" alt="" coords="671,88,679,96">
<area shape="rect" title="name" alt="" coords="865,83,873,91">
<area shape="rect" title="STL class." alt="" coords="7,77,191,104">
<area shape="rect" title="\&lt; char \&gt;" alt="" coords="188,87,196,95">
<area shape="rect" title="\&lt; char \&gt;" alt="" coords="295,87,303,95">
<area shape="rect" href="$classphoenix_1_1PhVector2d.htm" title="2D Vector class" alt="" coords="555,149,709,176">
<area shape="rect" title="screensize" alt="" coords="705,152,713,160">
<area shape="rect" title="screensize" alt="" coords="1135,151,1143,159">
<area shape="rect" href="$classphoenix_1_1PhEventHandler.htm" title="Event handler." alt="" coords="848,183,1035,209">
<area shape="rect" title="mousepos" alt="" coords="705,167,713,175">
<area shape="rect" title="mousepos" alt="" coords="844,183,852,191">
<area shape="rect" href="$classphoenix_1_1PhTimer.htm" title="Timer class." alt="" coords="875,233,1008,260">
<area shape="rect" title="fpstimer" alt="" coords="995,229,1003,237">
<area shape="rect" title="fpstimer" alt="" coords="1192,171,1200,179">
<area shape="rect" href="$classphoenix_1_1PhLogManager.htm" title="Log manager." alt="" coords="852,284,1031,311">
<area shape="rect" title="logs" alt="" coords="991,280,999,288">
<area shape="rect" title="logs" alt="" coords="1212,171,1220,179">
<area shape="rect" title="events" alt="" coords="1031,180,1039,188">
<area shape="rect" title="events" alt="" coords="1135,168,1143,176">
