<area shape="rect" href="$classphoenix_1_1PhSceneNode.htm" title="Scenenode Prototype." alt="" coords="1804,5,1975,32">
<area shape="rect" href="$classphoenix_1_1PhTexture.htm" title="Texture class." alt="" coords="869,49,1013,76">
<area shape="rect" title="texture" alt="" coords="1009,61,1017,69">
<area shape="rect" title="texture" alt="" coords="2087,87,2095,95">
<area shape="rect" href="$classphoenix_1_1PhRenderSystem.htm" title="The render system." alt="" coords="1139,221,1333,248">
<area shape="rect" title="font" alt="" coords="985,73,993,81">
<area shape="rect" title="font" alt="" coords="1217,217,1225,225">
<area shape="rect" href="$classphoenix_1_1PhTextureManager.htm" title="Texture manager." alt="" coords="532,84,732,111">
<area shape="rect" title="txtmgr" alt="" coords="729,81,737,89">
<area shape="rect" title="txtmgr" alt="" coords="865,67,873,75">
<area shape="rect" title="textures" alt="" coords="692,108,700,116">
<area shape="rect" title="textures" alt="" coords="1173,217,1181,225">
<area shape="rect" title="STL class." alt="" coords="589,12,675,39">
<area shape="rect" title="name" alt="" coords="671,27,679,35">
<area shape="rect" title="name" alt="" coords="865,51,873,59">
<area shape="rect" title="STL class." alt="" coords="7,12,191,39">
<area shape="rect" title="\&lt; char \&gt;" alt="" coords="188,21,196,29">
<area shape="rect" title="\&lt; char \&gt;" alt="" coords="295,21,303,29">
<area shape="rect" href="$classphoenix_1_1PhSceneManager.htm" title="Scene Manger Class." alt="" coords="1792,155,1987,181">
<area shape="rect" title="smgr" alt="" coords="1941,151,1949,159">
<area shape="rect" title="smgr" alt="" coords="2091,115,2099,123">
<area shape="rect" href="$classphoenix_1_1PhPolygonCollisionHandler.htm" title="The polygon collision handler." alt="" coords="1431,284,1681,311">
<area shape="rect" title="colhandle" alt="" coords="1679,301,1687,309">
<area shape="rect" title="colhandle" alt="" coords="1803,179,1811,187">
<area shape="rect" href="$classphoenix_1_1PhView.htm" title="View class." alt="" coords="1492,155,1620,181">
<area shape="rect" title="defview" alt="" coords="1616,164,1624,172">
<area shape="rect" title="defview" alt="" coords="1788,164,1796,172">
<area shape="rect" href="$classphoenix_1_1PhVector2d.htm" title="2D Vector class" alt="" coords="555,220,709,247">
<area shape="rect" title="pos" alt="" coords="705,216,713,224">
<area shape="rect" title="pos" alt="" coords="1488,167,1496,175">
<area shape="rect" title="screensize" alt="" coords="705,229,713,237">
<area shape="rect" title="screensize" alt="" coords="1135,231,1143,239">
<area shape="rect" href="$classphoenix_1_1PhEventHandler.htm" title="Event handler." alt="" coords="848,383,1035,409">
<area shape="rect" title="mousepos" alt="" coords="647,244,655,252">
<area shape="rect" title="mousepos" alt="" coords="877,379,885,387">
<area shape="rect" title="system" alt="" coords="1329,229,1337,237">
<area shape="rect" title="system" alt="" coords="1824,179,1832,187">
<area shape="rect" title="system" alt="" coords="1296,217,1304,225">
<area shape="rect" title="system" alt="" coords="1488,177,1496,185">
<area shape="rect" href="$classphoenix_1_1PhTimer.htm" title="Timer class." alt="" coords="875,281,1008,308">
<area shape="rect" title="fpstimer" alt="" coords="1004,283,1012,291">
<area shape="rect" title="fpstimer" alt="" coords="1187,245,1195,253">
<area shape="rect" href="$classphoenix_1_1PhLogManager.htm" title="Log manager." alt="" coords="852,332,1031,359">
<area shape="rect" title="logs" alt="" coords="1001,328,1009,336">
<area shape="rect" title="logs" alt="" coords="1209,245,1217,253">
<area shape="rect" title="events" alt="" coords="991,379,999,387">
<area shape="rect" title="events" alt="" coords="1219,245,1227,253">
<area shape="rect" href="$classphoenix_1_1PhColor.htm" title="Color." alt="" coords="1824,205,1955,232">
<area shape="rect" title="color" alt="" coords="1945,201,1953,209">
<area shape="rect" title="color" alt="" coords="2128,115,2136,123">
